[2026-06-01T00:08:23.659Z] [INFO] Server started on port 3000
[2026-06-01T00:09:00.715Z] [INFO] Health check performed
[2026-06-01T00:09:05.947Z] [INFO] User logged in
[2026-06-01T00:09:05.956Z] [WARN] Low disk space
[2026-06-01T00:09:05.961Z] [ERROR] Database connection failed
[2026-06-01T00:09:10.962Z] [WARN] Message endpoint called with missing fields
[2026-06-01T00:09:10.972Z] [WARN] Invalid log type received: "invalid"
[2026-06-01T00:10:35.320Z] [INFO] Health check performed
[2026-06-01T00:11:34.856Z] [INFO] Server started on port 3000
[2026-06-01T00:11:59.821Z] [INFO] Server started on port 3000
[2026-06-01T00:12:01.765Z] [INFO] Health check performed
[2026-06-01T00:12:01.786Z] [INFO] test
[2026-06-01T00:13:48.175Z] [INFO] Health check performed
[2026-06-01T00:13:48.184Z] [INFO] Health check performed
[2026-06-01T00:13:48.192Z] [INFO] Info message test
[2026-06-01T00:13:48.200Z] [WARN] Warn message test
[2026-06-01T00:13:48.203Z] [ERROR] Error message test
[2026-06-01T00:13:48.205Z] [WARN] Message endpoint called with missing fields
[2026-06-01T00:13:48.206Z] [WARN] Message endpoint called with missing fields
[2026-06-01T00:13:48.208Z] [WARN] Invalid log type received: "debug"
[2026-06-01T00:13:48.209Z] [WARN] Message endpoint called with missing fields
[2026-06-01T00:14:19.268Z] [INFO] Health check performed
[2026-06-01T00:14:19.276Z] [INFO] Health check performed
[2026-06-01T00:14:19.283Z] [INFO] Info message test
[2026-06-01T00:14:19.286Z] [WARN] Warn message test
[2026-06-01T00:14:19.288Z] [ERROR] Error message test
[2026-06-01T00:14:19.290Z] [WARN] Message endpoint called with missing fields
[2026-06-01T00:14:19.291Z] [WARN] Message endpoint called with missing fields
[2026-06-01T00:14:19.293Z] [WARN] Invalid log type received: "debug"
[2026-06-01T00:14:19.295Z] [WARN] Message endpoint called with missing fields
[2026-06-01T00:15:09.003Z] [INFO] Health check performed
[2026-06-01T00:24:58.528Z] [INFO] Health check performed
[2026-06-01T00:24:58.536Z] [INFO] Health check performed
[2026-06-01T00:24:58.538Z] [INFO] Info message test
[2026-06-01T00:24:58.541Z] [WARN] Warn message test
[2026-06-01T00:24:58.548Z] [ERROR] Error message test
[2026-06-01T00:24:58.550Z] [WARN] Message endpoint called with missing query params
[2026-06-01T00:24:58.552Z] [WARN] Message endpoint called with missing query params
[2026-06-01T00:24:58.554Z] [WARN] Invalid log type received: "debug"
[2026-06-01T00:24:58.555Z] [WARN] Message endpoint called with missing query params
[2026-06-01T00:33:38.460Z] [INFO] Server started on port 3000
[2026-06-01T00:33:43.743Z] [ERROR] test of error!
[2026-06-01T00:33:45.556Z] [ERROR] test of error!
[2026-06-01T01:01:34.083Z] [INFO] Server started on port 3000
[2026-06-01T01:02:19.551Z] [INFO] Health check performed
[2026-06-01T01:02:25.547Z] [ERROR] test of error!
[2026-06-01T01:02:28.501Z] [ERROR] test of error!
[2026-06-01T01:02:32.459Z] [ERROR] test of error!!!!!
[2026-06-01T01:02:47.805Z] [ERROR] test of error omg!!!!!!!!!
[2026-06-01T01:04:04.093Z] [WARN] test of warn!
[2026-06-01T01:04:26.673Z] [INFO] test of info!
[2026-06-01T01:13:05.817Z] [INFO] Server started on port 3000
[2026-06-01T01:15:18.428Z] [INFO] Server started on port 3000
